[2026-07-04T14:10:33.612+0000] {local_task_job_runner.py:120} INFO - ::group::Pre task execution logs
[2026-07-04T14:10:33.646+0000] {taskinstance.py:2076} INFO - Dependencies all met for dep_context=non-requeueable deps ti=<TaskInstance: minio_to_snowflake_ecommerce.load_snowflake manual__2026-07-04T14:03:44.142677+00:00 [queued]>
[2026-07-04T14:10:33.655+0000] {taskinstance.py:2076} INFO - Dependencies all met for dep_context=requeueable deps ti=<TaskInstance: minio_to_snowflake_ecommerce.load_snowflake manual__2026-07-04T14:03:44.142677+00:00 [queued]>
[2026-07-04T14:10:33.655+0000] {taskinstance.py:2306} INFO - Starting attempt 2 of 2
[2026-07-04T14:10:33.671+0000] {taskinstance.py:2330} INFO - Executing <Task(PythonOperator): load_snowflake> on 2026-07-04 14:03:44.142677+00:00
[2026-07-04T14:10:33.679+0000] {standard_task_runner.py:90} INFO - Running: ['***', 'tasks', 'run', 'minio_to_snowflake_ecommerce', 'load_snowflake', 'manual__2026-07-04T14:03:44.142677+00:00', '--job-id', '17', '--raw', '--subdir', 'DAGS_FOLDER/minio_to_snowflake_dag.py', '--cfg-path', '/tmp/tmpo0kn7b15']
[2026-07-04T14:10:33.682+0000] {standard_task_runner.py:91} INFO - Job 17: Subtask load_snowflake
[2026-07-04T14:10:33.682+0000] {logging_mixin.py:188} WARNING - /home/***/.local/lib/python3.12/site-packages/***/task/task_runner/standard_task_runner.py:62 DeprecationWarning: This process (pid=10464) is multi-threaded, use of fork() may lead to deadlocks in the child.
[2026-07-04T14:10:33.683+0000] {standard_task_runner.py:64} INFO - Started process 10471 to run task
[2026-07-04T14:10:33.741+0000] {task_command.py:426} INFO - Running <TaskInstance: minio_to_snowflake_ecommerce.load_snowflake manual__2026-07-04T14:03:44.142677+00:00 [running]> on host 791512f83421
[2026-07-04T14:10:33.839+0000] {taskinstance.py:2648} INFO - Exporting env vars: AIRFLOW_CTX_DAG_OWNER='***' AIRFLOW_CTX_DAG_ID='minio_to_snowflake_ecommerce' AIRFLOW_CTX_TASK_ID='load_snowflake' AIRFLOW_CTX_EXECUTION_DATE='2026-07-04T14:03:44.142677+00:00' AIRFLOW_CTX_TRY_NUMBER='2' AIRFLOW_CTX_DAG_RUN_ID='manual__2026-07-04T14:03:44.142677+00:00'
[2026-07-04T14:10:33.840+0000] {taskinstance.py:430} INFO - ::endgroup::
[2026-07-04T14:10:34.021+0000] {connection.py:638} INFO - Snowflake Connector for Python Version: 4.6.0, Python Version: 3.12.4, Platform: Linux-5.15.167.4-microsoft-standard-WSL2-x86_64-with-glibc2.36
[2026-07-04T14:10:34.022+0000] {connection.py:1760} INFO - Connecting to GLOBAL Snowflake domain
[2026-07-04T14:10:35.576+0000] {taskinstance.py:441} INFO - ::group::Post task execution logs
[2026-07-04T14:10:35.579+0000] {taskinstance.py:2905} ERROR - Task failed with exception
Traceback (most recent call last):
  File "/home/airflow/.local/lib/python3.12/site-packages/airflow/models/taskinstance.py", line 465, in _execute_task
    result = _execute_callable(context=context, **execute_callable_kwargs)
             ^^^^^^^^^^^^^^^^^^^^^^^^^^^^^^^^^^^^^^^^^^^^^^^^^^^^^^^^^^^^^
  File "/home/airflow/.local/lib/python3.12/site-packages/airflow/models/taskinstance.py", line 432, in _execute_callable
    return execute_callable(context=context, **execute_callable_kwargs)
           ^^^^^^^^^^^^^^^^^^^^^^^^^^^^^^^^^^^^^^^^^^^^^^^^^^^^^^^^^^^^
  File "/home/airflow/.local/lib/python3.12/site-packages/airflow/models/baseoperator.py", line 401, in wrapper
    return func(self, *args, **kwargs)
           ^^^^^^^^^^^^^^^^^^^^^^^^^^^
  File "/home/airflow/.local/lib/python3.12/site-packages/airflow/operators/python.py", line 235, in execute
    return_value = self.execute_callable()
                   ^^^^^^^^^^^^^^^^^^^^^^^
  File "/home/airflow/.local/lib/python3.12/site-packages/airflow/operators/python.py", line 252, in execute_callable
    return self.python_callable(*self.op_args, **self.op_kwargs)
           ^^^^^^^^^^^^^^^^^^^^^^^^^^^^^^^^^^^^^^^^^^^^^^^^^^^^^
  File "/opt/airflow/dags/minio_to_snowflake_dag.py", line 74, in load_to_snowflake
    cur.execute(f"PUT file://{f} @%{table}")
  File "/home/airflow/.local/lib/python3.12/site-packages/snowflake/connector/cursor.py", line 1142, in execute
    Error.errorhandler_wrapper(self.connection, self, error_class, errvalue)
  File "/home/airflow/.local/lib/python3.12/site-packages/snowflake/connector/errors.py", line 298, in errorhandler_wrapper
    handed_over = Error.hand_to_other_handler(
                  ^^^^^^^^^^^^^^^^^^^^^^^^^^^^
  File "/home/airflow/.local/lib/python3.12/site-packages/snowflake/connector/errors.py", line 354, in hand_to_other_handler
    cursor.errorhandler(connection, cursor, error_class, error_value)
  File "/home/airflow/.local/lib/python3.12/site-packages/snowflake/connector/errors.py", line 229, in default_errorhandler
    raise error_class(
snowflake.connector.errors.ProgrammingError: 090105 (22000): 01c57c12-0002-52e8-0003-921e000107a2: Cannot perform STAGE PUT. This session does not have a current database. Call 'USE DATABASE', or use a qualified name.
[2026-07-04T14:10:35.613+0000] {taskinstance.py:1206} INFO - Marking task as FAILED. dag_id=minio_to_snowflake_ecommerce, task_id=load_snowflake, run_id=manual__2026-07-04T14:03:44.142677+00:00, execution_date=20260704T140344, start_date=20260704T141033, end_date=20260704T141035
[2026-07-04T14:10:35.630+0000] {standard_task_runner.py:110} ERROR - Failed to execute job 17 for task load_snowflake (090105 (22000): 01c57c12-0002-52e8-0003-921e000107a2: Cannot perform STAGE PUT. This session does not have a current database. Call 'USE DATABASE', or use a qualified name.; 10471)
[2026-07-04T14:10:35.675+0000] {local_task_job_runner.py:243} INFO - Task exited with return code 1
[2026-07-04T14:10:35.702+0000] {taskinstance.py:3503} INFO - 0 downstream tasks scheduled from follow-on schedule check
[2026-07-04T14:10:35.706+0000] {local_task_job_runner.py:222} INFO - ::endgroup::
