[2026-07-06T18:33:38.147+0000] {local_task_job_runner.py:120} INFO - ::group::Pre task execution logs
[2026-07-06T18:33:38.214+0000] {taskinstance.py:2076} INFO - Dependencies all met for dep_context=non-requeueable deps ti=<TaskInstance: dbt_pipeline.dbt_debug scheduled__2026-07-05T00:00:00+00:00 [queued]>
[2026-07-06T18:33:38.227+0000] {taskinstance.py:2076} INFO - Dependencies all met for dep_context=requeueable deps ti=<TaskInstance: dbt_pipeline.dbt_debug scheduled__2026-07-05T00:00:00+00:00 [queued]>
[2026-07-06T18:33:38.229+0000] {taskinstance.py:2306} INFO - Starting attempt 1 of 1
[2026-07-06T18:33:38.256+0000] {taskinstance.py:2330} INFO - Executing <Task(BashOperator): dbt_debug> on 2026-07-05 00:00:00+00:00
[2026-07-06T18:33:38.262+0000] {standard_task_runner.py:64} INFO - Started process 56367 to run task
[2026-07-06T18:33:38.266+0000] {standard_task_runner.py:90} INFO - Running: ['***', 'tasks', 'run', 'dbt_pipeline', 'dbt_debug', 'scheduled__2026-07-05T00:00:00+00:00', '--job-id', '51', '--raw', '--subdir', 'DAGS_FOLDER/scd_snapshots.py', '--cfg-path', '/tmp/tmp1tvr34tx']
[2026-07-06T18:33:38.269+0000] {standard_task_runner.py:91} INFO - Job 51: Subtask dbt_debug
[2026-07-06T18:33:38.405+0000] {task_command.py:426} INFO - Running <TaskInstance: dbt_pipeline.dbt_debug scheduled__2026-07-05T00:00:00+00:00 [running]> on host 791512f83421
[2026-07-06T18:33:38.589+0000] {taskinstance.py:2648} INFO - Exporting env vars: AIRFLOW_CTX_DAG_OWNER='***' AIRFLOW_CTX_DAG_ID='dbt_pipeline' AIRFLOW_CTX_TASK_ID='dbt_debug' AIRFLOW_CTX_EXECUTION_DATE='2026-07-05T00:00:00+00:00' AIRFLOW_CTX_TRY_NUMBER='1' AIRFLOW_CTX_DAG_RUN_ID='scheduled__2026-07-05T00:00:00+00:00'
[2026-07-06T18:33:38.590+0000] {taskinstance.py:430} INFO - ::endgroup::
[2026-07-06T18:33:38.612+0000] {subprocess.py:63} INFO - Tmp dir root location: /tmp
[2026-07-06T18:33:38.613+0000] {subprocess.py:75} INFO - Running command: ['/usr/bin/bash', '-c', '\n        cd /opt/***/ecommerce_dbt\n        dbt debug --profiles-dir /home/***/.dbt\n        ']
[2026-07-06T18:33:38.626+0000] {subprocess.py:86} INFO - Output:
[2026-07-06T18:33:42.738+0000] {subprocess.py:93} INFO - [0m18:33:42  Running with dbt=1.11.11
[2026-07-06T18:33:42.758+0000] {subprocess.py:93} INFO - [0m18:33:42  dbt version: 1.11.11
[2026-07-06T18:33:42.759+0000] {subprocess.py:93} INFO - [0m18:33:42  python version: 3.12.4
[2026-07-06T18:33:42.761+0000] {subprocess.py:93} INFO - [0m18:33:42  python path: /home/***/.local/bin/python
[2026-07-06T18:33:42.762+0000] {subprocess.py:93} INFO - [0m18:33:42  os info: Linux-5.15.167.4-microsoft-standard-WSL2-x86_64-with-glibc2.36
[2026-07-06T18:33:43.923+0000] {subprocess.py:93} INFO - [0m18:33:43  Using profiles dir at /home/***/.dbt
[2026-07-06T18:33:43.925+0000] {subprocess.py:93} INFO - [0m18:33:43  Using profiles.yml file at /home/***/.dbt/profiles.yml
[2026-07-06T18:33:43.927+0000] {subprocess.py:93} INFO - [0m18:33:43  Using dbt_project.yml file at /opt/***/ecommerce_dbt/dbt_project.yml
[2026-07-06T18:33:43.930+0000] {subprocess.py:93} INFO - [0m18:33:43  adapter type: snowflake
[2026-07-06T18:33:43.932+0000] {subprocess.py:93} INFO - [0m18:33:43  adapter version: 1.11.5
[2026-07-06T18:33:44.178+0000] {subprocess.py:93} INFO - [0m18:33:44  Configuration:
[2026-07-06T18:33:44.180+0000] {subprocess.py:93} INFO - [0m18:33:44    profiles.yml file [[32mOK found and valid[0m]
[2026-07-06T18:33:44.182+0000] {subprocess.py:93} INFO - [0m18:33:44    dbt_project.yml file [[32mOK found and valid[0m]
[2026-07-06T18:33:44.185+0000] {subprocess.py:93} INFO - [0m18:33:44  Required dependencies:
[2026-07-06T18:33:44.199+0000] {subprocess.py:93} INFO - [0m18:33:44   - git [[31mERROR[0m]
[2026-07-06T18:33:44.200+0000] {subprocess.py:93} INFO - 
[2026-07-06T18:33:44.201+0000] {subprocess.py:93} INFO - [0m18:33:44  Connection:
[2026-07-06T18:33:44.203+0000] {subprocess.py:93} INFO - [0m18:33:44    account: dv11389.canada-central.azure
[2026-07-06T18:33:44.205+0000] {subprocess.py:93} INFO - [0m18:33:44    user: younes8802
[2026-07-06T18:33:44.208+0000] {subprocess.py:93} INFO - [0m18:33:44    database: ecommerce
[2026-07-06T18:33:44.212+0000] {subprocess.py:93} INFO - [0m18:33:44    warehouse: COMPUTE_WH
[2026-07-06T18:33:44.214+0000] {subprocess.py:93} INFO - [0m18:33:44    role: accountadmin
[2026-07-06T18:33:44.216+0000] {subprocess.py:93} INFO - [0m18:33:44    schema: analytics
[2026-07-06T18:33:44.218+0000] {subprocess.py:93} INFO - [0m18:33:44    authenticator: None
[2026-07-06T18:33:44.220+0000] {subprocess.py:93} INFO - [0m18:33:44    oauth_client_id: None
[2026-07-06T18:33:44.222+0000] {subprocess.py:93} INFO - [0m18:33:44    query_tag: None
[2026-07-06T18:33:44.224+0000] {subprocess.py:93} INFO - [0m18:33:44    client_session_keep_alive: False
[2026-07-06T18:33:44.226+0000] {subprocess.py:93} INFO - [0m18:33:44    host: None
[2026-07-06T18:33:44.232+0000] {subprocess.py:93} INFO - [0m18:33:44    port: None
[2026-07-06T18:33:44.235+0000] {subprocess.py:93} INFO - [0m18:33:44    proxy_host: None
[2026-07-06T18:33:44.237+0000] {subprocess.py:93} INFO - [0m18:33:44    proxy_port: None
[2026-07-06T18:33:44.240+0000] {subprocess.py:93} INFO - [0m18:33:44    protocol: None
[2026-07-06T18:33:44.242+0000] {subprocess.py:93} INFO - [0m18:33:44    connect_retries: 1
[2026-07-06T18:33:44.244+0000] {subprocess.py:93} INFO - [0m18:33:44    connect_timeout: None
[2026-07-06T18:33:44.247+0000] {subprocess.py:93} INFO - [0m18:33:44    retry_on_database_errors: False
[2026-07-06T18:33:44.252+0000] {subprocess.py:93} INFO - [0m18:33:44    retry_all: False
[2026-07-06T18:33:44.254+0000] {subprocess.py:93} INFO - [0m18:33:44    insecure_mode: False
[2026-07-06T18:33:44.256+0000] {subprocess.py:93} INFO - [0m18:33:44    reuse_connections: True
[2026-07-06T18:33:44.259+0000] {subprocess.py:93} INFO - [0m18:33:44    s3_stage_vpce_dns_name: None
[2026-07-06T18:33:44.261+0000] {subprocess.py:93} INFO - [0m18:33:44    platform_detection_timeout_seconds: 0.0
[2026-07-06T18:33:44.264+0000] {subprocess.py:93} INFO - [0m18:33:44  Registered adapter: snowflake=1.11.5
[2026-07-06T18:33:45.870+0000] {subprocess.py:93} INFO - [0m18:33:45    Connection test: [[32mOK connection ok[0m]
[2026-07-06T18:33:45.871+0000] {subprocess.py:93} INFO - 
[2026-07-06T18:33:45.873+0000] {subprocess.py:93} INFO - [0m18:33:45  [31m1 check failed:[0m
[2026-07-06T18:33:45.877+0000] {subprocess.py:93} INFO - [0m18:33:45  Error from git --help: User does not have permissions for this command: "git"
[2026-07-06T18:33:45.878+0000] {subprocess.py:93} INFO - 
[2026-07-06T18:33:47.230+0000] {subprocess.py:97} INFO - Command exited with return code 1
[2026-07-06T18:33:47.231+0000] {taskinstance.py:441} INFO - ::group::Post task execution logs
[2026-07-06T18:33:47.394+0000] {taskinstance.py:2905} ERROR - Task failed with exception
Traceback (most recent call last):
  File "/home/airflow/.local/lib/python3.12/site-packages/airflow/models/taskinstance.py", line 465, in _execute_task
    result = _execute_callable(context=context, **execute_callable_kwargs)
             ^^^^^^^^^^^^^^^^^^^^^^^^^^^^^^^^^^^^^^^^^^^^^^^^^^^^^^^^^^^^^
  File "/home/airflow/.local/lib/python3.12/site-packages/airflow/models/taskinstance.py", line 432, in _execute_callable
    return execute_callable(context=context, **execute_callable_kwargs)
           ^^^^^^^^^^^^^^^^^^^^^^^^^^^^^^^^^^^^^^^^^^^^^^^^^^^^^^^^^^^^
  File "/home/airflow/.local/lib/python3.12/site-packages/airflow/models/baseoperator.py", line 401, in wrapper
    return func(self, *args, **kwargs)
           ^^^^^^^^^^^^^^^^^^^^^^^^^^^
  File "/home/airflow/.local/lib/python3.12/site-packages/airflow/operators/bash.py", line 243, in execute
    raise AirflowException(
airflow.exceptions.AirflowException: Bash command failed. The command returned a non-zero exit code 1.
[2026-07-06T18:33:47.401+0000] {taskinstance.py:1206} INFO - Marking task as FAILED. dag_id=dbt_pipeline, task_id=dbt_debug, run_id=scheduled__2026-07-05T00:00:00+00:00, execution_date=20260705T000000, start_date=20260706T183338, end_date=20260706T183347
[2026-07-06T18:33:47.417+0000] {standard_task_runner.py:110} ERROR - Failed to execute job 51 for task dbt_debug (Bash command failed. The command returned a non-zero exit code 1.; 56367)
[2026-07-06T18:33:47.470+0000] {local_task_job_runner.py:243} INFO - Task exited with return code 1
[2026-07-06T18:33:47.525+0000] {taskinstance.py:3503} INFO - 0 downstream tasks scheduled from follow-on schedule check
[2026-07-06T18:33:47.531+0000] {local_task_job_runner.py:222} INFO - ::endgroup::
