[0m07:23:53.156662 [debug] [MainThread]: Got an exception trying to initialize tracking


============================== 07:23:53.170577 | 3a849c9e-5b56-4b94-bafd-38d6f77d8371 ==============================
[0m07:23:53.170577 [info ] [MainThread]: Running with dbt=1.5.11
[0m07:23:53.172091 [debug] [MainThread]: running dbt with arguments {'printer_width': '80', 'indirect_selection': 'eager', 'write_json': 'True', 'log_cache_events': 'False', 'partial_parse': 'True', 'cache_selected_only': 'False', 'profiles_dir': 'C:\\Users\\ThinkPad\\.dbt', 'debug': 'False', 'warn_error': 'None', 'log_path': 'logs', 'version_check': 'True', 'fail_fast': 'False', 'use_colors': 'True', 'use_experimental_parser': 'False', 'no_print': 'None', 'quiet': 'False', 'warn_error_options': 'WarnErrorOptions(include=[], exclude=[])', 'introspect': 'True', 'static_parser': 'True', 'log_format': 'default', 'target_path': 'None', 'send_anonymous_usage_stats': 'True'}
[0m07:23:53.179389 [debug] [MainThread]: Starter project path: C:\Users\ThinkPad\AppData\Local\Programs\Python\Python37\lib\site-packages\dbt\include\starter_project
[0m07:29:02.267679 [info ] [MainThread]: Profile ecommerce written to C:\Users\ThinkPad\.dbt\profiles.yml using target's profile_template.yml and your supplied values. Run 'dbt debug' to validate the connection.
[0m07:29:02.273198 [info ] [MainThread]: 
Your new dbt project "ecommerce" was created!

For more information on how to configure the profiles.yml file,
please consult the dbt documentation here:

  https://docs.getdbt.com/docs/configure-your-profile

One more thing:

Need help? Don't hesitate to reach out to us via GitHub issues or on Slack:

  https://community.getdbt.com/

Happy modeling!

[0m07:29:02.276200 [debug] [MainThread]: Command `dbt init` succeeded at 07:29:02.275194 after 309.52 seconds
[0m07:29:02.278205 [debug] [MainThread]: Flushing usage events
[0m07:30:00.987584 [debug] [MainThread]: Got an exception trying to initialize tracking


============================== 07:30:00.993394 | d5da8e27-d55f-43fa-a309-7c1f5f1fbe5f ==============================
[0m07:30:00.993394 [info ] [MainThread]: Running with dbt=1.5.11
[0m07:30:00.993394 [debug] [MainThread]: running dbt with arguments {'printer_width': '80', 'indirect_selection': 'eager', 'write_json': 'True', 'log_cache_events': 'False', 'partial_parse': 'True', 'cache_selected_only': 'False', 'profiles_dir': 'C:\\Users\\ThinkPad\\.dbt', 'fail_fast': 'False', 'warn_error': 'None', 'log_path': 'logs', 'debug': 'False', 'version_check': 'True', 'use_colors': 'True', 'use_experimental_parser': 'False', 'no_print': 'None', 'quiet': 'False', 'warn_error_options': 'WarnErrorOptions(include=[], exclude=[])', 'introspect': 'True', 'static_parser': 'True', 'log_format': 'default', 'target_path': 'None', 'send_anonymous_usage_stats': 'True'}
[0m07:30:00.993394 [info ] [MainThread]: dbt version: 1.5.11
[0m07:30:00.993394 [info ] [MainThread]: python version: 3.7.8
[0m07:30:00.993394 [info ] [MainThread]: python path: C:\Users\ThinkPad\AppData\Local\Programs\Python\Python37\python.exe
[0m07:30:00.993394 [info ] [MainThread]: os info: Windows-10-10.0.26100-SP0
[0m07:30:00.997535 [info ] [MainThread]: Using profiles.yml file at C:\Users\ThinkPad\.dbt\profiles.yml
[0m07:30:00.997535 [info ] [MainThread]: Using dbt_project.yml file at C:\Users\ThinkPad\ecommerce-modern-datastack\dbt_project.yml
[0m07:30:00.998741 [info ] [MainThread]: Configuration:
[0m07:30:01.002311 [info ] [MainThread]: Error importing adapter: No module named 'dbt.adapters.databricks'
[0m07:30:01.011348 [info ] [MainThread]: Error importing adapter: No module named 'dbt.adapters.postgres'
[0m07:30:02.056257 [info ] [MainThread]:   profiles.yml file [[31mERROR invalid[0m]
[0m07:30:02.056257 [info ] [MainThread]:   dbt_project.yml file [[31mERROR not found[0m]
[0m07:30:02.056257 [info ] [MainThread]: Required dependencies:
[0m07:30:02.056257 [debug] [MainThread]: Executing "git --help"
[0m07:30:02.125261 [debug] [MainThread]: STDOUT: "b"usage: git [-v | --version] [-h | --help] [-C <path>] [-c <name>=<value>]\n           [--exec-path[=<path>]] [--html-path] [--man-path] [--info-path]\n           [-p | --paginate | -P | --no-pager] [--no-replace-objects] [--bare]\n           [--git-dir=<path>] [--work-tree=<path>] [--namespace=<name>]\n           [--super-prefix=<path>] [--config-env=<name>=<envvar>]\n           <command> [<args>]\n\nThese are common Git commands used in various situations:\n\nstart a working area (see also: git help tutorial)\n   clone     Clone a repository into a new directory\n   init      Create an empty Git repository or reinitialize an existing one\n\nwork on the current change (see also: git help everyday)\n   add       Add file contents to the index\n   mv        Move or rename a file, a directory, or a symlink\n   restore   Restore working tree files\n   rm        Remove files from the working tree and from the index\n\nexamine the history and state (see also: git help revisions)\n   bisect    Use binary search to find the commit that introduced a bug\n   diff      Show changes between commits, commit and working tree, etc\n   grep      Print lines matching a pattern\n   log       Show commit logs\n   show      Show various types of objects\n   status    Show the working tree status\n\ngrow, mark and tweak your common history\n   branch    List, create, or delete branches\n   commit    Record changes to the repository\n   merge     Join two or more development histories together\n   rebase    Reapply commits on top of another base tip\n   reset     Reset current HEAD to the specified state\n   switch    Switch branches\n   tag       Create, list, delete or verify a tag object signed with GPG\n\ncollaborate (see also: git help workflows)\n   fetch     Download objects and refs from another repository\n   pull      Fetch from and integrate with another repository or a local branch\n   push      Update remote refs along with associated objects\n\n'git help -a' and 'git help -g' list available subcommands and some\nconcept guides. See 'git help <command>' or 'git help <concept>'\nto read about a specific subcommand or concept.\nSee 'git help git' for an overview of the system.\n""
[0m07:30:02.125261 [debug] [MainThread]: STDERR: "b''"
[0m07:30:02.127273 [info ] [MainThread]:  - git [[32mOK found[0m]

[0m07:30:02.127273 [info ] [MainThread]: [31m2 checks failed:[0m
[0m07:30:02.129287 [info ] [MainThread]: Could not load dbt_project.yml

[0m07:30:02.129287 [info ] [MainThread]: Profile loading failed for the following reason:
Runtime Error
  Credentials in profile "dbt_databricks_project", target "dev" invalid: Runtime Error
    Could not find adapter type databricks!

Runtime Error
  Credentials in profile "dbt_pg_eqp_data", target "dev" invalid: Runtime Error
    Could not find adapter type postgres!


[0m07:30:02.130299 [debug] [MainThread]: Command `dbt debug` failed at 07:30:02.130299 after 1.18 seconds
[0m07:30:02.130299 [debug] [MainThread]: Flushing usage events
[0m07:36:00.503625 [debug] [MainThread]: Got an exception trying to initialize tracking


============================== 07:36:00.512572 | 8f07f077-7cc7-4a53-9d22-11db09d9ffb3 ==============================
[0m07:36:00.512572 [info ] [MainThread]: Running with dbt=1.5.11
[0m07:36:00.512572 [debug] [MainThread]: running dbt with arguments {'printer_width': '80', 'indirect_selection': 'eager', 'write_json': 'True', 'log_cache_events': 'False', 'partial_parse': 'True', 'cache_selected_only': 'False', 'profiles_dir': 'C:\\Users\\ThinkPad\\.dbt', 'debug': 'False', 'fail_fast': 'False', 'log_path': 'logs', 'warn_error': 'None', 'version_check': 'True', 'use_colors': 'True', 'use_experimental_parser': 'False', 'no_print': 'None', 'quiet': 'False', 'warn_error_options': 'WarnErrorOptions(include=[], exclude=[])', 'static_parser': 'True', 'introspect': 'True', 'log_format': 'default', 'target_path': 'None', 'send_anonymous_usage_stats': 'True'}
[0m07:36:00.514581 [debug] [MainThread]: Starter project path: C:\Users\ThinkPad\AppData\Local\Programs\Python\Python37\lib\site-packages\dbt\include\starter_project
[0m07:37:45.490686 [info ] [MainThread]: Profile ecommerce_dbt written to C:\Users\ThinkPad\.dbt\profiles.yml using target's profile_template.yml and your supplied values. Run 'dbt debug' to validate the connection.
[0m07:37:45.492005 [info ] [MainThread]: 
Your new dbt project "ecommerce_dbt" was created!

For more information on how to configure the profiles.yml file,
please consult the dbt documentation here:

  https://docs.getdbt.com/docs/configure-your-profile

One more thing:

Need help? Don't hesitate to reach out to us via GitHub issues or on Slack:

  https://community.getdbt.com/

Happy modeling!

[0m07:37:45.493017 [debug] [MainThread]: Command `dbt init` succeeded at 07:37:45.493017 after 105.23 seconds
[0m07:37:45.493017 [debug] [MainThread]: Flushing usage events
[0m07:37:58.162986 [debug] [MainThread]: Got an exception trying to initialize tracking


============================== 07:37:58.170590 | cdf4c140-70df-4793-a94c-3a116ed73aa2 ==============================
[0m07:37:58.170590 [info ] [MainThread]: Running with dbt=1.5.11
[0m07:37:58.171667 [debug] [MainThread]: running dbt with arguments {'printer_width': '80', 'indirect_selection': 'eager', 'log_cache_events': 'False', 'write_json': 'True', 'partial_parse': 'True', 'cache_selected_only': 'False', 'warn_error': 'None', 'debug': 'False', 'fail_fast': 'False', 'log_path': 'logs', 'version_check': 'True', 'profiles_dir': 'C:\\Users\\ThinkPad\\.dbt', 'use_colors': 'True', 'use_experimental_parser': 'False', 'no_print': 'None', 'quiet': 'False', 'warn_error_options': 'WarnErrorOptions(include=[], exclude=[])', 'introspect': 'True', 'log_format': 'default', 'static_parser': 'True', 'target_path': 'None', 'send_anonymous_usage_stats': 'True'}
[0m07:37:58.173339 [info ] [MainThread]: dbt version: 1.5.11
[0m07:37:58.174442 [info ] [MainThread]: python version: 3.7.8
[0m07:37:58.174442 [info ] [MainThread]: python path: C:\Users\ThinkPad\AppData\Local\Programs\Python\Python37\python.exe
[0m07:37:58.177070 [info ] [MainThread]: os info: Windows-10-10.0.26100-SP0
[0m07:37:58.177070 [info ] [MainThread]: Using profiles.yml file at C:\Users\ThinkPad\.dbt\profiles.yml
[0m07:37:58.177070 [info ] [MainThread]: Using dbt_project.yml file at C:\Users\ThinkPad\ecommerce-modern-datastack\dbt_project.yml
[0m07:37:58.179990 [info ] [MainThread]: Configuration:
[0m07:37:58.192421 [info ] [MainThread]: Error importing adapter: No module named 'dbt.adapters.databricks'
[0m07:37:58.194590 [info ] [MainThread]: Error importing adapter: No module named 'dbt.adapters.postgres'
[0m07:37:59.392187 [info ] [MainThread]:   profiles.yml file [[31mERROR invalid[0m]
[0m07:37:59.392187 [info ] [MainThread]:   dbt_project.yml file [[31mERROR not found[0m]
[0m07:37:59.392187 [info ] [MainThread]: Required dependencies:
[0m07:37:59.392187 [debug] [MainThread]: Executing "git --help"
[0m07:37:59.440783 [debug] [MainThread]: STDOUT: "b"usage: git [-v | --version] [-h | --help] [-C <path>] [-c <name>=<value>]\n           [--exec-path[=<path>]] [--html-path] [--man-path] [--info-path]\n           [-p | --paginate | -P | --no-pager] [--no-replace-objects] [--bare]\n           [--git-dir=<path>] [--work-tree=<path>] [--namespace=<name>]\n           [--super-prefix=<path>] [--config-env=<name>=<envvar>]\n           <command> [<args>]\n\nThese are common Git commands used in various situations:\n\nstart a working area (see also: git help tutorial)\n   clone     Clone a repository into a new directory\n   init      Create an empty Git repository or reinitialize an existing one\n\nwork on the current change (see also: git help everyday)\n   add       Add file contents to the index\n   mv        Move or rename a file, a directory, or a symlink\n   restore   Restore working tree files\n   rm        Remove files from the working tree and from the index\n\nexamine the history and state (see also: git help revisions)\n   bisect    Use binary search to find the commit that introduced a bug\n   diff      Show changes between commits, commit and working tree, etc\n   grep      Print lines matching a pattern\n   log       Show commit logs\n   show      Show various types of objects\n   status    Show the working tree status\n\ngrow, mark and tweak your common history\n   branch    List, create, or delete branches\n   commit    Record changes to the repository\n   merge     Join two or more development histories together\n   rebase    Reapply commits on top of another base tip\n   reset     Reset current HEAD to the specified state\n   switch    Switch branches\n   tag       Create, list, delete or verify a tag object signed with GPG\n\ncollaborate (see also: git help workflows)\n   fetch     Download objects and refs from another repository\n   pull      Fetch from and integrate with another repository or a local branch\n   push      Update remote refs along with associated objects\n\n'git help -a' and 'git help -g' list available subcommands and some\nconcept guides. See 'git help <command>' or 'git help <concept>'\nto read about a specific subcommand or concept.\nSee 'git help git' for an overview of the system.\n""
[0m07:37:59.442789 [debug] [MainThread]: STDERR: "b''"
[0m07:37:59.442789 [info ] [MainThread]:  - git [[32mOK found[0m]

[0m07:37:59.442789 [info ] [MainThread]: [31m2 checks failed:[0m
[0m07:37:59.442789 [info ] [MainThread]: Could not load dbt_project.yml

[0m07:37:59.444798 [info ] [MainThread]: Profile loading failed for the following reason:
Runtime Error
  Credentials in profile "dbt_databricks_project", target "dev" invalid: Runtime Error
    Could not find adapter type databricks!

Runtime Error
  Credentials in profile "dbt_pg_eqp_data", target "dev" invalid: Runtime Error
    Could not find adapter type postgres!


[0m07:37:59.444798 [debug] [MainThread]: Command `dbt debug` failed at 07:37:59.444798 after 1.31 seconds
[0m07:37:59.444798 [debug] [MainThread]: Flushing usage events
[0m07:40:59.614993 [debug] [MainThread]: Got an exception trying to initialize tracking


============================== 07:40:59.624282 | 8a9f3683-96ec-4281-9723-ef8c06ae54aa ==============================
[0m07:40:59.624282 [info ] [MainThread]: Running with dbt=1.5.11
[0m07:40:59.624282 [debug] [MainThread]: running dbt with arguments {'printer_width': '80', 'indirect_selection': 'eager', 'log_cache_events': 'False', 'write_json': 'True', 'partial_parse': 'True', 'cache_selected_only': 'False', 'profiles_dir': 'C:\\Users\\ThinkPad\\.dbt', 'fail_fast': 'False', 'version_check': 'True', 'log_path': 'logs', 'warn_error': 'None', 'debug': 'False', 'use_colors': 'True', 'use_experimental_parser': 'False', 'no_print': 'None', 'quiet': 'False', 'warn_error_options': 'WarnErrorOptions(include=[], exclude=[])', 'static_parser': 'True', 'introspect': 'True', 'log_format': 'default', 'target_path': 'None', 'send_anonymous_usage_stats': 'True'}
[0m07:40:59.626381 [info ] [MainThread]: dbt version: 1.5.11
[0m07:40:59.626381 [info ] [MainThread]: python version: 3.7.8
[0m07:40:59.626381 [info ] [MainThread]: python path: C:\Users\ThinkPad\AppData\Local\Programs\Python\Python37\python.exe
[0m07:40:59.626381 [info ] [MainThread]: os info: Windows-10-10.0.26100-SP0
[0m07:40:59.626381 [info ] [MainThread]: Using profiles.yml file at C:\Users\ThinkPad\.dbt\profiles.yml
[0m07:40:59.631093 [info ] [MainThread]: Using dbt_project.yml file at C:\Users\ThinkPad\ecommerce-modern-datastack\dbt_project.yml
[0m07:40:59.631093 [info ] [MainThread]: Configuration:
[0m07:40:59.636495 [info ] [MainThread]: Error importing adapter: No module named 'dbt.adapters.databricks'
[0m07:40:59.636495 [info ] [MainThread]: Error importing adapter: No module named 'dbt.adapters.postgres'
[0m07:41:00.423782 [info ] [MainThread]:   profiles.yml file [[31mERROR invalid[0m]
[0m07:41:00.426757 [info ] [MainThread]:   dbt_project.yml file [[31mERROR not found[0m]
[0m07:41:00.426757 [info ] [MainThread]: Required dependencies:
[0m07:41:00.426757 [debug] [MainThread]: Executing "git --help"
[0m07:41:00.473728 [debug] [MainThread]: STDOUT: "b"usage: git [-v | --version] [-h | --help] [-C <path>] [-c <name>=<value>]\n           [--exec-path[=<path>]] [--html-path] [--man-path] [--info-path]\n           [-p | --paginate | -P | --no-pager] [--no-replace-objects] [--bare]\n           [--git-dir=<path>] [--work-tree=<path>] [--namespace=<name>]\n           [--super-prefix=<path>] [--config-env=<name>=<envvar>]\n           <command> [<args>]\n\nThese are common Git commands used in various situations:\n\nstart a working area (see also: git help tutorial)\n   clone     Clone a repository into a new directory\n   init      Create an empty Git repository or reinitialize an existing one\n\nwork on the current change (see also: git help everyday)\n   add       Add file contents to the index\n   mv        Move or rename a file, a directory, or a symlink\n   restore   Restore working tree files\n   rm        Remove files from the working tree and from the index\n\nexamine the history and state (see also: git help revisions)\n   bisect    Use binary search to find the commit that introduced a bug\n   diff      Show changes between commits, commit and working tree, etc\n   grep      Print lines matching a pattern\n   log       Show commit logs\n   show      Show various types of objects\n   status    Show the working tree status\n\ngrow, mark and tweak your common history\n   branch    List, create, or delete branches\n   commit    Record changes to the repository\n   merge     Join two or more development histories together\n   rebase    Reapply commits on top of another base tip\n   reset     Reset current HEAD to the specified state\n   switch    Switch branches\n   tag       Create, list, delete or verify a tag object signed with GPG\n\ncollaborate (see also: git help workflows)\n   fetch     Download objects and refs from another repository\n   pull      Fetch from and integrate with another repository or a local branch\n   push      Update remote refs along with associated objects\n\n'git help -a' and 'git help -g' list available subcommands and some\nconcept guides. See 'git help <command>' or 'git help <concept>'\nto read about a specific subcommand or concept.\nSee 'git help git' for an overview of the system.\n""
[0m07:41:00.473728 [debug] [MainThread]: STDERR: "b''"
[0m07:41:00.473728 [info ] [MainThread]:  - git [[32mOK found[0m]

[0m07:41:00.475734 [info ] [MainThread]: [31m2 checks failed:[0m
[0m07:41:00.475734 [info ] [MainThread]: Could not load dbt_project.yml

[0m07:41:00.475734 [info ] [MainThread]: Profile loading failed for the following reason:
Runtime Error
  Credentials in profile "dbt_databricks_project", target "dev" invalid: Runtime Error
    Could not find adapter type databricks!

Runtime Error
  Credentials in profile "dbt_pg_eqp_data", target "dev" invalid: Runtime Error
    Could not find adapter type postgres!


[0m07:41:00.477743 [debug] [MainThread]: Command `dbt debug` failed at 07:41:00.477743 after 0.87 seconds
[0m07:41:00.477743 [debug] [MainThread]: Flushing usage events
