[2026-07-04T14:27:08.852+0000] {local_task_job_runner.py:120} INFO - ::group::Pre task execution logs
[2026-07-04T14:27:08.941+0000] {taskinstance.py:2076} INFO - Dependencies all met for dep_context=non-requeueable deps ti=<TaskInstance: minio_to_snowflake_ecommerce.download_minio scheduled__2026-07-04T14:26:00+00:00 [queued]>
[2026-07-04T14:27:08.960+0000] {taskinstance.py:2076} INFO - Dependencies all met for dep_context=requeueable deps ti=<TaskInstance: minio_to_snowflake_ecommerce.download_minio scheduled__2026-07-04T14:26:00+00:00 [queued]>
[2026-07-04T14:27:08.961+0000] {taskinstance.py:2306} INFO - Starting attempt 1 of 2
[2026-07-04T14:27:08.996+0000] {taskinstance.py:2330} INFO - Executing <Task(PythonOperator): download_minio> on 2026-07-04 14:26:00+00:00
[2026-07-04T14:27:09.014+0000] {standard_task_runner.py:90} INFO - Running: ['***', 'tasks', 'run', 'minio_to_snowflake_ecommerce', 'download_minio', 'scheduled__2026-07-04T14:26:00+00:00', '--job-id', '39', '--raw', '--subdir', 'DAGS_FOLDER/minio_to_snowflake_dag.py', '--cfg-path', '/tmp/tmp7v6dnz5d']
[2026-07-04T14:27:09.021+0000] {standard_task_runner.py:91} INFO - Job 39: Subtask download_minio
[2026-07-04T14:27:09.023+0000] {logging_mixin.py:188} WARNING - /home/***/.local/lib/python3.12/site-packages/***/task/task_runner/standard_task_runner.py:62 DeprecationWarning: This process (pid=20910) is multi-threaded, use of fork() may lead to deadlocks in the child.
[2026-07-04T14:27:09.024+0000] {standard_task_runner.py:64} INFO - Started process 20917 to run task
[2026-07-04T14:27:09.161+0000] {task_command.py:426} INFO - Running <TaskInstance: minio_to_snowflake_ecommerce.download_minio scheduled__2026-07-04T14:26:00+00:00 [running]> on host 791512f83421
[2026-07-04T14:27:09.395+0000] {taskinstance.py:2648} INFO - Exporting env vars: AIRFLOW_CTX_DAG_OWNER='***' AIRFLOW_CTX_DAG_ID='minio_to_snowflake_ecommerce' AIRFLOW_CTX_TASK_ID='download_minio' AIRFLOW_CTX_EXECUTION_DATE='2026-07-04T14:26:00+00:00' AIRFLOW_CTX_TRY_NUMBER='1' AIRFLOW_CTX_DAG_RUN_ID='scheduled__2026-07-04T14:26:00+00:00'
[2026-07-04T14:27:09.397+0000] {taskinstance.py:430} INFO - ::endgroup::
[2026-07-04T14:27:10.058+0000] {taskinstance.py:441} INFO - ::group::Post task execution logs
[2026-07-04T14:27:10.059+0000] {taskinstance.py:2905} ERROR - Task failed with exception
Traceback (most recent call last):
  File "/home/airflow/.local/lib/python3.12/site-packages/airflow/models/taskinstance.py", line 465, in _execute_task
    result = _execute_callable(context=context, **execute_callable_kwargs)
             ^^^^^^^^^^^^^^^^^^^^^^^^^^^^^^^^^^^^^^^^^^^^^^^^^^^^^^^^^^^^^
  File "/home/airflow/.local/lib/python3.12/site-packages/airflow/models/taskinstance.py", line 432, in _execute_callable
    return execute_callable(context=context, **execute_callable_kwargs)
           ^^^^^^^^^^^^^^^^^^^^^^^^^^^^^^^^^^^^^^^^^^^^^^^^^^^^^^^^^^^^
  File "/home/airflow/.local/lib/python3.12/site-packages/airflow/models/baseoperator.py", line 401, in wrapper
    return func(self, *args, **kwargs)
           ^^^^^^^^^^^^^^^^^^^^^^^^^^^
  File "/home/airflow/.local/lib/python3.12/site-packages/airflow/operators/python.py", line 235, in execute
    return_value = self.execute_callable()
                   ^^^^^^^^^^^^^^^^^^^^^^^
  File "/home/airflow/.local/lib/python3.12/site-packages/airflow/operators/python.py", line 252, in execute_callable
    return self.python_callable(*self.op_args, **self.op_kwargs)
           ^^^^^^^^^^^^^^^^^^^^^^^^^^^^^^^^^^^^^^^^^^^^^^^^^^^^^
  File "/opt/airflow/dags/minio_to_snowflake_dag.py", line 41, in download_from_minio
    resp = s3.list_objects_v2(Bucket=BUCKET, Prefix=prefix)
           ^^^^^^^^^^^^^^^^^^^^^^^^^^^^^^^^^^^^^^^^^^^^^^^^
  File "/home/airflow/.local/lib/python3.12/site-packages/botocore/client.py", line 565, in _api_call
    return self._make_api_call(operation_name, kwargs)
           ^^^^^^^^^^^^^^^^^^^^^^^^^^^^^^^^^^^^^^^^^^^
  File "/home/airflow/.local/lib/python3.12/site-packages/botocore/client.py", line 1021, in _make_api_call
    raise error_class(parsed_response, operation_name)
botocore.exceptions.ClientError: An error occurred (InvalidArgument) when calling the ListObjectsV2 operation: S3 API Requests must be made to API port.
[2026-07-04T14:27:10.118+0000] {taskinstance.py:1206} INFO - Marking task as UP_FOR_RETRY. dag_id=minio_to_snowflake_ecommerce, task_id=download_minio, run_id=scheduled__2026-07-04T14:26:00+00:00, execution_date=20260704T142600, start_date=20260704T142708, end_date=20260704T142710
[2026-07-04T14:27:10.148+0000] {standard_task_runner.py:110} ERROR - Failed to execute job 39 for task download_minio (An error occurred (InvalidArgument) when calling the ListObjectsV2 operation: S3 API Requests must be made to API port.; 20917)
[2026-07-04T14:27:10.207+0000] {local_task_job_runner.py:243} INFO - Task exited with return code 1
[2026-07-04T14:27:10.272+0000] {taskinstance.py:3503} INFO - 0 downstream tasks scheduled from follow-on schedule check
[2026-07-04T14:27:10.276+0000] {local_task_job_runner.py:222} INFO - ::endgroup::
