[2026-07-06T18:40:02.467+0000] {local_task_job_runner.py:120} INFO - ::group::Pre task execution logs
[2026-07-06T18:40:02.518+0000] {taskinstance.py:2076} INFO - Dependencies all met for dep_context=non-requeueable deps ti=<TaskInstance: dbt_pipeline.dbt_run manual__2026-07-06T18:39:57.209626+00:00 [queued]>
[2026-07-06T18:40:02.532+0000] {taskinstance.py:2076} INFO - Dependencies all met for dep_context=requeueable deps ti=<TaskInstance: dbt_pipeline.dbt_run manual__2026-07-06T18:39:57.209626+00:00 [queued]>
[2026-07-06T18:40:02.534+0000] {taskinstance.py:2306} INFO - Starting attempt 1 of 1
[2026-07-06T18:40:02.565+0000] {taskinstance.py:2330} INFO - Executing <Task(BashOperator): dbt_run> on 2026-07-06 18:39:57.209626+00:00
[2026-07-06T18:40:02.576+0000] {standard_task_runner.py:64} INFO - Started process 56513 to run task
[2026-07-06T18:40:02.583+0000] {standard_task_runner.py:90} INFO - Running: ['***', 'tasks', 'run', 'dbt_pipeline', 'dbt_run', 'manual__2026-07-06T18:39:57.209626+00:00', '--job-id', '55', '--raw', '--subdir', 'DAGS_FOLDER/scd_snapshots.py', '--cfg-path', '/tmp/tmplg67n4do']
[2026-07-06T18:40:02.589+0000] {standard_task_runner.py:91} INFO - Job 55: Subtask dbt_run
[2026-07-06T18:40:02.736+0000] {task_command.py:426} INFO - Running <TaskInstance: dbt_pipeline.dbt_run manual__2026-07-06T18:39:57.209626+00:00 [running]> on host 791512f83421
[2026-07-06T18:40:03.007+0000] {taskinstance.py:2648} INFO - Exporting env vars: AIRFLOW_CTX_DAG_OWNER='***' AIRFLOW_CTX_DAG_ID='dbt_pipeline' AIRFLOW_CTX_TASK_ID='dbt_run' AIRFLOW_CTX_EXECUTION_DATE='2026-07-06T18:39:57.209626+00:00' AIRFLOW_CTX_TRY_NUMBER='1' AIRFLOW_CTX_DAG_RUN_ID='manual__2026-07-06T18:39:57.209626+00:00'
[2026-07-06T18:40:03.009+0000] {taskinstance.py:430} INFO - ::endgroup::
[2026-07-06T18:40:03.249+0000] {subprocess.py:63} INFO - Tmp dir root location: /tmp
[2026-07-06T18:40:03.251+0000] {subprocess.py:75} INFO - Running command: ['/usr/bin/bash', '-c', '\n        cd /opt/***/ecommerce_dbt\n        dbt run --profiles-dir /home/***/.dbt\n        ']
[2026-07-06T18:40:03.266+0000] {subprocess.py:86} INFO - Output:
[2026-07-06T18:40:07.551+0000] {subprocess.py:93} INFO - [0m18:40:07  Running with dbt=1.11.11
[2026-07-06T18:40:08.970+0000] {subprocess.py:93} INFO - [0m18:40:08  Registered adapter: snowflake=1.11.5
[2026-07-06T18:40:09.478+0000] {subprocess.py:93} INFO - [0m18:40:09  Unable to do partial parsing because a project config has changed
[2026-07-06T18:40:12.399+0000] {subprocess.py:93} INFO - [0m18:40:12  [[33mWARNING[0m]: Configuration paths exist in your dbt_project.yml file which do not apply to any resources.
[2026-07-06T18:40:12.401+0000] {subprocess.py:93} INFO - There are 1 unused configuration paths:
[2026-07-06T18:40:12.402+0000] {subprocess.py:93} INFO - - models.ecommerce_dbt.example
[2026-07-06T18:40:12.655+0000] {subprocess.py:93} INFO - [0m18:40:12  Found 13 models, 3 snapshots, 7 sources, 536 macros
[2026-07-06T18:40:12.660+0000] {subprocess.py:93} INFO - [0m18:40:12
[2026-07-06T18:40:12.662+0000] {subprocess.py:93} INFO - [0m18:40:12  Concurrency: 4 threads (target='dev')
[2026-07-06T18:40:12.664+0000] {subprocess.py:93} INFO - [0m18:40:12
[2026-07-06T18:40:14.733+0000] {subprocess.py:93} INFO - [0m18:40:14  1 of 13 START sql view model analytics.stg_customers ........................... [RUN]
[2026-07-06T18:40:14.736+0000] {subprocess.py:93} INFO - [0m18:40:14  2 of 13 START sql view model analytics.stg_employee ............................ [RUN]
[2026-07-06T18:40:14.738+0000] {subprocess.py:93} INFO - [0m18:40:14  3 of 13 START sql view model analytics.stg_inventory ........................... [RUN]
[2026-07-06T18:40:14.740+0000] {subprocess.py:93} INFO - [0m18:40:14  4 of 13 START sql view model analytics.stg_products ............................ [RUN]
[2026-07-06T18:40:15.505+0000] {subprocess.py:93} INFO - [0m18:40:15  1 of 13 OK created sql view model analytics.stg_customers ...................... [[32mSUCCESS 1[0m in 0.76s]
[2026-07-06T18:40:15.513+0000] {subprocess.py:93} INFO - [0m18:40:15  5 of 13 START sql view model analytics.stg_reviews ............................. [RUN]
[2026-07-06T18:40:15.922+0000] {subprocess.py:93} INFO - [0m18:40:15  5 of 13 OK created sql view model analytics.stg_reviews ........................ [[32mSUCCESS 1[0m in 0.41s]
[2026-07-06T18:40:15.931+0000] {subprocess.py:93} INFO - [0m18:40:15  6 of 13 START sql view model analytics.stg_sales ............................... [RUN]
[2026-07-06T18:40:16.091+0000] {subprocess.py:93} INFO - [0m18:40:16  4 of 13 OK created sql view model analytics.stg_products ....................... [[32mSUCCESS 1[0m in 1.34s]
[2026-07-06T18:40:16.118+0000] {subprocess.py:93} INFO - [0m18:40:16  2 of 13 OK created sql view model analytics.stg_employee ....................... [[32mSUCCESS 1[0m in 1.37s]
[2026-07-06T18:40:16.122+0000] {subprocess.py:93} INFO - [0m18:40:16  7 of 13 START sql view model analytics.stg_stores .............................. [RUN]
[2026-07-06T18:40:16.137+0000] {subprocess.py:93} INFO - [0m18:40:16  3 of 13 OK created sql view model analytics.stg_inventory ...................... [[32mSUCCESS 1[0m in 1.39s]
[2026-07-06T18:40:16.164+0000] {subprocess.py:93} INFO - [0m18:40:16  8 of 13 START sql table model analytics.dim_customers .......................... [RUN]
[2026-07-06T18:40:16.181+0000] {subprocess.py:93} INFO - [0m18:40:16  9 of 13 START sql incremental model analytics.fct_reviews ...................... [RUN]
[2026-07-06T18:40:16.552+0000] {subprocess.py:93} INFO - [0m18:40:16  6 of 13 OK created sql view model analytics.stg_sales .......................... [[32mSUCCESS 1[0m in 0.62s]
[2026-07-06T18:40:16.583+0000] {subprocess.py:93} INFO - [0m18:40:16  10 of 13 START sql table model analytics.dim_products .......................... [RUN]
[2026-07-06T18:40:16.959+0000] {subprocess.py:93} INFO - [0m18:40:16  7 of 13 OK created sql view model analytics.stg_stores ......................... [[32mSUCCESS 1[0m in 0.81s]
[2026-07-06T18:40:17.023+0000] {subprocess.py:93} INFO - [0m18:40:17  11 of 13 START sql table model analytics.dim_employee .......................... [RUN]
[2026-07-06T18:40:17.214+0000] {subprocess.py:93} INFO - [0m18:40:17  8 of 13 OK created sql table model analytics.dim_customers ..................... [[32mSUCCESS 721[0m in 1.03s]
[2026-07-06T18:40:17.240+0000] {subprocess.py:93} INFO - [0m18:40:17  12 of 13 START sql table model analytics.dim_stores ............................ [RUN]
[2026-07-06T18:40:17.363+0000] {subprocess.py:93} INFO - [0m18:40:17  10 of 13 OK created sql table model analytics.dim_products ..................... [[32mSUCCESS 366[0m in 0.78s]
[2026-07-06T18:40:17.799+0000] {subprocess.py:93} INFO - [0m18:40:17  11 of 13 OK created sql table model analytics.dim_employee ..................... [[32mSUCCESS 700[0m in 0.76s]
[2026-07-06T18:40:18.280+0000] {subprocess.py:93} INFO - [0m18:40:18  12 of 13 OK created sql table model analytics.dim_stores ....................... [[32mSUCCESS 383[0m in 1.03s]
[2026-07-06T18:40:18.300+0000] {subprocess.py:93} INFO - [0m18:40:18  13 of 13 START sql incremental model analytics.fct_sales ....................... [RUN]
[2026-07-06T18:40:19.512+0000] {subprocess.py:93} INFO - [0m18:40:19  9 of 13 OK created sql incremental model analytics.fct_reviews ................. [[32mSUCCESS 0[0m in 3.31s]
[2026-07-06T18:40:21.356+0000] {subprocess.py:93} INFO - [0m18:40:21  13 of 13 OK created sql incremental model analytics.fct_sales .................. [[32mSUCCESS 0[0m in 3.05s]
[2026-07-06T18:40:22.971+0000] {subprocess.py:93} INFO - [0m18:40:22
[2026-07-06T18:40:22.974+0000] {subprocess.py:93} INFO - [0m18:40:22  Finished running 2 incremental models, 4 table models, 7 view models in 0 hours 0 minutes and 10.30 seconds (10.30s).
[2026-07-06T18:40:23.156+0000] {subprocess.py:93} INFO - [0m18:40:23
[2026-07-06T18:40:23.159+0000] {subprocess.py:93} INFO - [0m18:40:23  [32mCompleted successfully[0m
[2026-07-06T18:40:23.161+0000] {subprocess.py:93} INFO - [0m18:40:23
[2026-07-06T18:40:23.164+0000] {subprocess.py:93} INFO - [0m18:40:23  Done. PASS=13 WARN=0 ERROR=0 SKIP=0 NO-OP=0 TOTAL=13
[2026-07-06T18:40:23.931+0000] {subprocess.py:97} INFO - Command exited with return code 0
[2026-07-06T18:40:23.933+0000] {taskinstance.py:441} INFO - ::group::Post task execution logs
[2026-07-06T18:40:23.977+0000] {taskinstance.py:1206} INFO - Marking task as SUCCESS. dag_id=dbt_pipeline, task_id=dbt_run, run_id=manual__2026-07-06T18:39:57.209626+00:00, execution_date=20260706T183957, start_date=20260706T184002, end_date=20260706T184023
[2026-07-06T18:40:24.035+0000] {local_task_job_runner.py:243} INFO - Task exited with return code 0
[2026-07-06T18:40:24.132+0000] {taskinstance.py:3503} INFO - 1 downstream tasks scheduled from follow-on schedule check
[2026-07-06T18:40:24.135+0000] {local_task_job_runner.py:222} INFO - ::endgroup::
