[2026-07-04T14:15:26.497+0000] {local_task_job_runner.py:120} INFO - ::group::Pre task execution logs
[2026-07-04T14:15:26.537+0000] {taskinstance.py:2076} INFO - Dependencies all met for dep_context=non-requeueable deps ti=<TaskInstance: minio_to_snowflake_ecommerce.load_snowflake scheduled__2026-07-04T14:12:00+00:00 [queued]>
[2026-07-04T14:15:26.547+0000] {taskinstance.py:2076} INFO - Dependencies all met for dep_context=requeueable deps ti=<TaskInstance: minio_to_snowflake_ecommerce.load_snowflake scheduled__2026-07-04T14:12:00+00:00 [queued]>
[2026-07-04T14:15:26.548+0000] {taskinstance.py:2306} INFO - Starting attempt 1 of 2
[2026-07-04T14:15:26.565+0000] {taskinstance.py:2330} INFO - Executing <Task(PythonOperator): load_snowflake> on 2026-07-04 14:12:00+00:00
[2026-07-04T14:15:26.574+0000] {standard_task_runner.py:90} INFO - Running: ['***', 'tasks', 'run', 'minio_to_snowflake_ecommerce', 'load_snowflake', 'scheduled__2026-07-04T14:12:00+00:00', '--job-id', '31', '--raw', '--subdir', 'DAGS_FOLDER/minio_to_snowflake_dag.py', '--cfg-path', '/tmp/tmpj0d9st5q']
[2026-07-04T14:15:26.577+0000] {standard_task_runner.py:91} INFO - Job 31: Subtask load_snowflake
[2026-07-04T14:15:26.577+0000] {logging_mixin.py:188} WARNING - /home/***/.local/lib/python3.12/site-packages/***/task/task_runner/standard_task_runner.py:62 DeprecationWarning: This process (pid=16433) is multi-threaded, use of fork() may lead to deadlocks in the child.
[2026-07-04T14:15:26.578+0000] {standard_task_runner.py:64} INFO - Started process 16440 to run task
[2026-07-04T14:15:26.647+0000] {task_command.py:426} INFO - Running <TaskInstance: minio_to_snowflake_ecommerce.load_snowflake scheduled__2026-07-04T14:12:00+00:00 [running]> on host 791512f83421
[2026-07-04T14:15:26.768+0000] {taskinstance.py:2648} INFO - Exporting env vars: AIRFLOW_CTX_DAG_OWNER='***' AIRFLOW_CTX_DAG_ID='minio_to_snowflake_ecommerce' AIRFLOW_CTX_TASK_ID='load_snowflake' AIRFLOW_CTX_EXECUTION_DATE='2026-07-04T14:12:00+00:00' AIRFLOW_CTX_TRY_NUMBER='1' AIRFLOW_CTX_DAG_RUN_ID='scheduled__2026-07-04T14:12:00+00:00'
[2026-07-04T14:15:26.770+0000] {taskinstance.py:430} INFO - ::endgroup::
[2026-07-04T14:15:26.967+0000] {connection.py:638} INFO - Snowflake Connector for Python Version: 4.6.0, Python Version: 3.12.4, Platform: Linux-5.15.167.4-microsoft-standard-WSL2-x86_64-with-glibc2.36
[2026-07-04T14:15:26.968+0000] {connection.py:1760} INFO - Connecting to GLOBAL Snowflake domain
[2026-07-04T14:15:28.230+0000] {taskinstance.py:441} INFO - ::group::Post task execution logs
[2026-07-04T14:15:28.231+0000] {taskinstance.py:2905} ERROR - Task failed with exception
Traceback (most recent call last):
  File "/home/airflow/.local/lib/python3.12/site-packages/airflow/models/taskinstance.py", line 465, in _execute_task
    result = _execute_callable(context=context, **execute_callable_kwargs)
             ^^^^^^^^^^^^^^^^^^^^^^^^^^^^^^^^^^^^^^^^^^^^^^^^^^^^^^^^^^^^^
  File "/home/airflow/.local/lib/python3.12/site-packages/airflow/models/taskinstance.py", line 432, in _execute_callable
    return execute_callable(context=context, **execute_callable_kwargs)
           ^^^^^^^^^^^^^^^^^^^^^^^^^^^^^^^^^^^^^^^^^^^^^^^^^^^^^^^^^^^^
  File "/home/airflow/.local/lib/python3.12/site-packages/airflow/models/baseoperator.py", line 401, in wrapper
    return func(self, *args, **kwargs)
           ^^^^^^^^^^^^^^^^^^^^^^^^^^^
  File "/home/airflow/.local/lib/python3.12/site-packages/airflow/operators/python.py", line 235, in execute
    return_value = self.execute_callable()
                   ^^^^^^^^^^^^^^^^^^^^^^^
  File "/home/airflow/.local/lib/python3.12/site-packages/airflow/operators/python.py", line 252, in execute_callable
    return self.python_callable(*self.op_args, **self.op_kwargs)
           ^^^^^^^^^^^^^^^^^^^^^^^^^^^^^^^^^^^^^^^^^^^^^^^^^^^^^
  File "/opt/airflow/dags/minio_to_snowflake_dag.py", line 74, in load_to_snowflake
    cur.execute(f"PUT file://{f} @%{table}")
  File "/home/airflow/.local/lib/python3.12/site-packages/snowflake/connector/cursor.py", line 1142, in execute
    Error.errorhandler_wrapper(self.connection, self, error_class, errvalue)
  File "/home/airflow/.local/lib/python3.12/site-packages/snowflake/connector/errors.py", line 298, in errorhandler_wrapper
    handed_over = Error.hand_to_other_handler(
                  ^^^^^^^^^^^^^^^^^^^^^^^^^^^^
  File "/home/airflow/.local/lib/python3.12/site-packages/snowflake/connector/errors.py", line 354, in hand_to_other_handler
    cursor.errorhandler(connection, cursor, error_class, error_value)
  File "/home/airflow/.local/lib/python3.12/site-packages/snowflake/connector/errors.py", line 229, in default_errorhandler
    raise error_class(
snowflake.connector.errors.ProgrammingError: 090105 (22000): 01c57c17-0002-52e8-0003-921e000107be: Cannot perform STAGE PUT. This session does not have a current database. Call 'USE DATABASE', or use a qualified name.
[2026-07-04T14:15:28.260+0000] {taskinstance.py:1206} INFO - Marking task as UP_FOR_RETRY. dag_id=minio_to_snowflake_ecommerce, task_id=load_snowflake, run_id=scheduled__2026-07-04T14:12:00+00:00, execution_date=20260704T141200, start_date=20260704T141526, end_date=20260704T141528
[2026-07-04T14:15:28.298+0000] {standard_task_runner.py:110} ERROR - Failed to execute job 31 for task load_snowflake (090105 (22000): 01c57c17-0002-52e8-0003-921e000107be: Cannot perform STAGE PUT. This session does not have a current database. Call 'USE DATABASE', or use a qualified name.; 16440)
[2026-07-04T14:15:28.365+0000] {local_task_job_runner.py:243} INFO - Task exited with return code 1
[2026-07-04T14:15:28.384+0000] {taskinstance.py:3503} INFO - 0 downstream tasks scheduled from follow-on schedule check
[2026-07-04T14:15:28.386+0000] {local_task_job_runner.py:222} INFO - ::endgroup::
